<html>
<body>
<pre>
<h1>µVision Build Log</h1>
<h2>Tool Versions:</h2>
IDE-Version: ¦ÌVision V5.27.1.0
Copyright (C) 2019 ARM Ltd and ARM Germany GmbH. All rights reserved.
License Information: he he, first , LIC=VGXG8-364WJ-56CQ2-9TQ7C-F28W8-W7LFB
 
Tool Versions:
Toolchain:       MDK-ARM Plus  Version: 5.27.1.0
Toolchain Path:  D:\keil_v5\ARM\ARMCC\Bin
C Compiler:      Armcc.exe V5.06 update 6 (build 750)
Assembler:       Armasm.exe V5.06 update 6 (build 750)
Linker/Locator:  ArmLink.exe V5.06 update 6 (build 750)
Library Manager: ArmAr.exe V5.06 update 6 (build 750)
Hex Converter:   FromElf.exe V5.06 update 6 (build 750)
CPU DLL:         SARMCM3.DLL V5.27.1.0
Dialog DLL:      DCM.DLL V1.17.2.0
Target DLL:      UL2CM3.DLL V1.162.15.0
Dialog DLL:      TCM.DLL V1.36.1.0
 
<h2>Project:</h2>
C:\Users\DELL\Desktop\ÊµÑµ\STM32(3)\STM32\WaterControllerSystem.uvprojx
Project File Date:  03/18/2026

<h2>Output:</h2>
*** Using Compiler 'V5.06 update 6 (build 750)', folder: 'D:\keil_v5\ARM\ARMCC\Bin'
Build target 'Target 1'
compiling main.c...
lcd.h(20): warning:  #1-D: last line of file ends without a newline
  #endif
main.c(194): warning:  #1-D: last line of file ends without a newline
  }
main.c: 2 warnings, 0 errors
compiling lcd.c...
lcd.h(20): warning:  #1-D: last line of file ends without a newline
  #endif
font.h(66): warning:  #1-D: last line of file ends without a newline
  #endif
lcd.c(128): warning:  #177-D: variable "t"  was declared but never referenced
      uint8_t temp, t, m;
lcd.c(174): warning:  #1-D: last line of file ends without a newline
  }
lcd.c: 4 warnings, 0 errors
compiling stm32f10x_gpio.c...
compiling stm32f10x_usart.c...
compiling misc.c...
compiling stm32f10x_adc.c...
compiling stm32f10x_rcc.c...
assembling startup_stm32f10x_hd.s...
compiling system_stm32f10x.c...
linking...
Program Size: Code=4282 RO-data=1282 RW-data=24 ZI-data=1632  
FromELF: creating hex file...
".\Objects\WaterControllerSystem.axf" - 0 Error(s), 6 Warning(s).

<h2>Software Packages used:</h2>

Package Vendor: ARM
                http://www.keil.com/pack/ARM.CMSIS.5.5.1.pack
                ARM.CMSIS.5.5.1
                CMSIS (Cortex Microcontroller Software Interface Standard)
   * Component: CORE Version: 5.2.0

Package Vendor: Keil
                http://www.keil.com/pack/Keil.STM32F1xx_DFP.2.2.0.pack
                Keil.STM32F1xx_DFP.2.2.0
                STMicroelectronics STM32F1 Series Device Support, Drivers and Examples
   * Component: Startup Version: 1.0.0
   * Component: ADC Version: 3.5.0
   * Component: Framework Version: 3.5.1
   * Component: GPIO Version: 3.5.0
   * Component: RCC Version: 3.5.0

<h2>Collection of Component include folders:</h2>
  .\RTE\Device\STM32F103RC
  .\RTE\_Target_1
  D:\Packs\ARM\CMSIS\5.5.1\CMSIS\Core\Include
  D:\Packs\Keil\STM32F1xx_DFP\2.2.0\Device\Include
  D:\Packs\Keil\STM32F1xx_DFP\2.2.0\Device\StdPeriph_Driver\inc

<h2>Collection of Component Files used:</h2>

   * Component: ARM::CMSIS:CORE:5.2.0

   * Component: Keil::Device:Startup:1.0.0
      Source file:   Device\Source\system_stm32f10x.c
      Source file:   Device\Source\ARM\STM32F1xx_OPT.s
      Source file:   Device\Source\ARM\startup_stm32f10x_hd.s
      Include file:  RTE_Driver\Config\RTE_Device.h

   * Component: Keil::Device:StdPeriph Drivers:ADC:3.5.0
      Include file:  Device\StdPeriph_Driver\inc\stm32f10x_adc.h
      Source file:   Device\StdPeriph_Driver\src\stm32f10x_adc.c

   * Component: Keil::Device:StdPeriph Drivers:Framework:3.5.1
      Source file:   Device\StdPeriph_Driver\templates\stm32f10x_it.c
      Source file:   Device\StdPeriph_Driver\templates\stm32f10x_conf.h
      Include file:  Device\StdPeriph_Driver\templates\stm32f10x_it.h
      Source file:   Device\StdPeriph_Driver\src\misc.c
      Include file:  Device\StdPeriph_Driver\inc\misc.h

   * Component: Keil::Device:StdPeriph Drivers:GPIO:3.5.0
      Include file:  Device\StdPeriph_Driver\inc\stm32f10x_gpio.h
      Source file:   Device\StdPeriph_Driver\src\stm32f10x_gpio.c

   * Component: Keil::Device:StdPeriph Drivers:RCC:3.5.0
      Source file:   Device\StdPeriph_Driver\src\stm32f10x_rcc.c
      Include file:  Device\StdPeriph_Driver\inc\stm32f10x_rcc.h
Build Time Elapsed:  00:00:03
</pre>
</body>
</html>
